BL51 BANKED LINKER/LOCATER V6.22                                                        03/13/2018  23:42:14  PAGE 1


BL51 BANKED LINKER/LOCATER V6.22, INVOKED BY:
C:\KEIL_V5\C51\BIN\BL51.EXE .\Objects\HelloWorld.obj TO .\Objects\test PRINT (.\Listings\test.m51) RAMSIZE (256)


INPUT MODULES INCLUDED:
  .\Objects\HelloWorld.obj (HELLOWORLD)


LINK MAP OF MODULE:  .\Objects\test (HELLOWORLD)


            TYPE    BASE      LENGTH    RELOCATION   SEGMENT NAME
            -----------------------------------------------------

            * * * * * * *   D A T A   M E M O R Y   * * * * * * *
            REG     0000H     0008H     ABSOLUTE     "REG BANK 0"

            * * * * * * *   C O D E   M E M O R Y   * * * * * * *
            CODE    0000H     0128H     ABSOLUTE     



SYMBOL TABLE OF MODULE:  .\Objects\test (HELLOWORLD)

  VALUE           TYPE          NAME
  ----------------------------------

  -------         MODULE        HELLOWORLD
  D:00E0H         SYMBOL        ACC
  C:0126H         SYMBOL        CONST
  C:0100H         SYMBOL        START
  D:00FFH         SYMBOL        WDTCN
  C:0000H         LINE#         3
  C:0100H         LINE#         6
  C:0103H         LINE#         7
  C:0106H         LINE#         8
  C:0108H         LINE#         9
  C:010BH         LINE#         10
  C:010CH         LINE#         11
  C:010DH         LINE#         12
  C:010EH         LINE#         13
  C:010FH         LINE#         14
  C:0110H         LINE#         15
  C:0111H         LINE#         16
  C:0112H         LINE#         17
  C:0115H         LINE#         18
  C:0116H         LINE#         19
  C:0117H         LINE#         20
  C:0118H         LINE#         21
  C:0119H         LINE#         22
  C:011AH         LINE#         23
  C:011BH         LINE#         24
  C:011CH         LINE#         25
  C:011DH         LINE#         26
  C:011EH         LINE#         27
  C:011FH         LINE#         28
  C:0120H         LINE#         29
  C:0121H         LINE#         30
BL51 BANKED LINKER/LOCATER V6.22                                                      03/13/2018  23:42:14  PAGE 2


  C:0123H         LINE#         31
  C:0124H         LINE#         32
  -------         ENDMOD        HELLOWORLD

Program Size: data=8.0 xdata=0 code=296
LINK/LOCATE RUN COMPLETE.  0 WARNING(S),  0 ERROR(S)
